mode: set
gitlab.com/vk-golang/lectures/03_net1/99_hw/coverage/client.go:69.80,74.19 2 1
gitlab.com/vk-golang/lectures/03_net1/99_hw/coverage/client.go:74.19,76.3 1 1
gitlab.com/vk-golang/lectures/03_net1/99_hw/coverage/client.go:77.2,77.20 1 1
gitlab.com/vk-golang/lectures/03_net1/99_hw/coverage/client.go:77.20,79.3 1 0
gitlab.com/vk-golang/lectures/03_net1/99_hw/coverage/client.go:80.2,80.20 1 1
gitlab.com/vk-golang/lectures/03_net1/99_hw/coverage/client.go:80.20,82.3 1 1
gitlab.com/vk-golang/lectures/03_net1/99_hw/coverage/client.go:85.2,99.16 10 1
gitlab.com/vk-golang/lectures/03_net1/99_hw/coverage/client.go:99.16,100.54 1 0
gitlab.com/vk-golang/lectures/03_net1/99_hw/coverage/client.go:100.54,102.4 1 0
gitlab.com/vk-golang/lectures/03_net1/99_hw/coverage/client.go:103.3,103.50 1 0
gitlab.com/vk-golang/lectures/03_net1/99_hw/coverage/client.go:105.2,110.25 3 1
gitlab.com/vk-golang/lectures/03_net1/99_hw/coverage/client.go:111.31,112.44 1 1
gitlab.com/vk-golang/lectures/03_net1/99_hw/coverage/client.go:113.38,114.53 1 0
gitlab.com/vk-golang/lectures/03_net1/99_hw/coverage/client.go:115.29,118.17 3 1
gitlab.com/vk-golang/lectures/03_net1/99_hw/coverage/client.go:118.17,120.4 1 0
gitlab.com/vk-golang/lectures/03_net1/99_hw/coverage/client.go:121.3,121.42 1 1
gitlab.com/vk-golang/lectures/03_net1/99_hw/coverage/client.go:121.42,123.4 1 1
gitlab.com/vk-golang/lectures/03_net1/99_hw/coverage/client.go:124.3,124.73 1 0
gitlab.com/vk-golang/lectures/03_net1/99_hw/coverage/client.go:128.2,130.16 3 1
gitlab.com/vk-golang/lectures/03_net1/99_hw/coverage/client.go:130.16,132.3 1 0
gitlab.com/vk-golang/lectures/03_net1/99_hw/coverage/client.go:134.2,135.28 2 1
gitlab.com/vk-golang/lectures/03_net1/99_hw/coverage/client.go:135.28,138.3 2 1
gitlab.com/vk-golang/lectures/03_net1/99_hw/coverage/client.go:138.8,140.3 1 1
gitlab.com/vk-golang/lectures/03_net1/99_hw/coverage/client.go:142.2,142.21 1 1
gitlab.com/vk-golang/lectures/03_net1/99_hw/coverage/server.go:20.59,30.50 1 1
gitlab.com/vk-golang/lectures/03_net1/99_hw/coverage/server.go:30.50,33.3 2 1
gitlab.com/vk-golang/lectures/03_net1/99_hw/coverage/server.go:39.2,40.30 2 1
gitlab.com/vk-golang/lectures/03_net1/99_hw/coverage/server.go:40.30,42.3 1 0
gitlab.com/vk-golang/lectures/03_net1/99_hw/coverage/server.go:45.2,46.29 2 1
gitlab.com/vk-golang/lectures/03_net1/99_hw/coverage/server.go:46.29,48.3 1 0
gitlab.com/vk-golang/lectures/03_net1/99_hw/coverage/server.go:53.2,54.20 2 1
gitlab.com/vk-golang/lectures/03_net1/99_hw/coverage/server.go:55.27,55.27 0 1
gitlab.com/vk-golang/lectures/03_net1/99_hw/coverage/server.go:56.10,57.22 1 1
gitlab.com/vk-golang/lectures/03_net1/99_hw/coverage/server.go:58.10,63.9 3 1
gitlab.com/vk-golang/lectures/03_net1/99_hw/coverage/server.go:68.2,69.16 2 1
gitlab.com/vk-golang/lectures/03_net1/99_hw/coverage/server.go:69.16,71.3 1 0
gitlab.com/vk-golang/lectures/03_net1/99_hw/coverage/server.go:71.8,71.34 1 1
gitlab.com/vk-golang/lectures/03_net1/99_hw/coverage/server.go:71.34,73.3 1 0
gitlab.com/vk-golang/lectures/03_net1/99_hw/coverage/server.go:73.8,73.33 1 1
gitlab.com/vk-golang/lectures/03_net1/99_hw/coverage/server.go:73.33,75.3 1 0
gitlab.com/vk-golang/lectures/03_net1/99_hw/coverage/server.go:77.2,81.16 3 1
gitlab.com/vk-golang/lectures/03_net1/99_hw/coverage/server.go:81.16,84.3 2 0
gitlab.com/vk-golang/lectures/03_net1/99_hw/coverage/server.go:87.2,90.18 2 1
gitlab.com/vk-golang/lectures/03_net1/99_hw/coverage/server.go:90.18,92.17 2 1
gitlab.com/vk-golang/lectures/03_net1/99_hw/coverage/server.go:92.17,98.4 3 0
gitlab.com/vk-golang/lectures/03_net1/99_hw/coverage/server.go:102.2,104.19 3 1
gitlab.com/vk-golang/lectures/03_net1/99_hw/coverage/server.go:104.19,106.3 1 0
gitlab.com/vk-golang/lectures/03_net1/99_hw/coverage/server.go:107.2,108.17 2 1
gitlab.com/vk-golang/lectures/03_net1/99_hw/coverage/server.go:108.17,110.3 1 1
gitlab.com/vk-golang/lectures/03_net1/99_hw/coverage/server.go:111.2,115.40 2 1
gitlab.com/vk-golang/lectures/03_net1/99_hw/coverage/server.go:118.50,122.16 2 1
gitlab.com/vk-golang/lectures/03_net1/99_hw/coverage/server.go:122.16,124.3 1 0
gitlab.com/vk-golang/lectures/03_net1/99_hw/coverage/server.go:126.2,127.16 2 1
gitlab.com/vk-golang/lectures/03_net1/99_hw/coverage/server.go:127.16,129.3 1 0
gitlab.com/vk-golang/lectures/03_net1/99_hw/coverage/server.go:130.2,130.19 1 1
gitlab.com/vk-golang/lectures/03_net1/99_hw/coverage/server.go:180.51,184.16 3 1
gitlab.com/vk-golang/lectures/03_net1/99_hw/coverage/server.go:184.16,186.3 1 0
gitlab.com/vk-golang/lectures/03_net1/99_hw/coverage/server.go:189.2,190.38 2 1
gitlab.com/vk-golang/lectures/03_net1/99_hw/coverage/server.go:190.38,198.3 1 1
gitlab.com/vk-golang/lectures/03_net1/99_hw/coverage/server.go:199.2,199.20 1 1
gitlab.com/vk-golang/lectures/03_net1/99_hw/coverage/server.go:202.53,203.17 1 1
gitlab.com/vk-golang/lectures/03_net1/99_hw/coverage/server.go:203.17,205.3 1 1
gitlab.com/vk-golang/lectures/03_net1/99_hw/coverage/server.go:206.2,208.26 3 1
gitlab.com/vk-golang/lectures/03_net1/99_hw/coverage/server.go:208.26,210.59 1 1
gitlab.com/vk-golang/lectures/03_net1/99_hw/coverage/server.go:210.59,212.4 1 1
gitlab.com/vk-golang/lectures/03_net1/99_hw/coverage/server.go:214.2,214.17 1 1
gitlab.com/vk-golang/lectures/03_net1/99_hw/coverage/server.go:217.68,219.20 1 1
gitlab.com/vk-golang/lectures/03_net1/99_hw/coverage/server.go:220.27,220.27 0 1
gitlab.com/vk-golang/lectures/03_net1/99_hw/coverage/server.go:221.10,222.43 1 0
gitlab.com/vk-golang/lectures/03_net1/99_hw/coverage/server.go:225.2,225.40 1 1
gitlab.com/vk-golang/lectures/03_net1/99_hw/coverage/server.go:225.40,226.21 1 1
gitlab.com/vk-golang/lectures/03_net1/99_hw/coverage/server.go:227.13,228.102 1 1
gitlab.com/vk-golang/lectures/03_net1/99_hw/coverage/server.go:229.15,230.110 1 0
gitlab.com/vk-golang/lectures/03_net1/99_hw/coverage/server.go:231.14,232.106 1 0
gitlab.com/vk-golang/lectures/03_net1/99_hw/coverage/server.go:234.3,234.15 1 0
gitlab.com/vk-golang/lectures/03_net1/99_hw/coverage/server.go:236.2,236.12 1 1
